
D:\WorkPlaceD\C-Like-QuaterTranslator>mkdir .\output 

D:\WorkPlaceD\C-Like-QuaterTranslator>g++ -std=c++17 -O2  .\src\main.cpp .\src\Lexer.cpp .\src\LR1Parser.cpp .\src\SemanticAnalyzer.cpp -o .\output\LR1Parser.exe 

D:\WorkPlaceD\C-Like-QuaterTranslator>.\output\LR1Parser.exe .\test\input\input.txt .\test\grammer\grammer.txt 
Accept
0	(=, 1, _, a)
1	(+, a, 2, t0)
2	(=, t0, _, b)
3	(>, a, b, t1)
4	(*, a, b, t2)
5	(+, c, t2, t3)
6	(+, t3, 123, t4)
7	(=, t4, _, d)
8	(=, d, _, t5)
9	(+, d, 1, d)
10	(=, t5, _, c)
11	(+, d, 1, d)
12	(=, d, _, e)
